Category: compute;scheme="http://schemas.ogf.org/occi/infrastructure#";class="kind";location="/compute/";title="compute resource"
Category: t2_micro;scheme="http://schemas.ec2.aws.amazon.com/occi/infrastructure/resource_tpl#";class="mixin";location="/mixin/t2_micro/";title=""
Category: ami-6e7bd919;scheme="http://occi.localhost/occi/infrastructure/os_tpl#";class="mixin";location="/mixin/ami-6e7bd919/";title=""
Category: aws_ec2_instance;scheme="http://schemas.ec2.aws.amazon.com/occi/infrastructure/compute#";class="mixin";location="/mixin/aws_ec2_instance/";title=""
X-OCCI-Attribute: occi.core.id="i-5a8cb7bf"
X-OCCI-Attribute: occi.compute.architecture="x64"
X-OCCI-Attribute: occi.compute.state="active"
X-OCCI-Attribute: com.amazon.aws.ec2.reservation_id="r-2e51d26e"
X-OCCI-Attribute: com.amazon.aws.ec2.availability_zone="eu-west-1a"
X-OCCI-Attribute: com.amazon.aws.ec2.state="running"
X-OCCI-Attribute: com.amazon.aws.ec2.hypervisor="xen"
X-OCCI-Attribute: com.amazon.aws.ec2.virtualization_type="hvm"
Link: </compute/i-5a8cb7bf?action=stop>;rel="http://schemas.ogf.org/occi/infrastructure/compute/action#stop"
Link: </compute/i-5a8cb7bf?action=restart>;rel="http://schemas.ogf.org/occi/infrastructure/compute/action#restart"
Link: </storage/vol-0b15340c>;rel="http://schemas.ogf.org/occi/infrastructure#storage";self="/link/storagelink/compute_i-5a8cb7bf_disk_vol-b42b08b3";category="http://schemas.ogf.org/occi/infrastructure#storagelink";occi.core.id="compute_i-5a8cb7bf_disk_vol-b42b08b3";occi.core.title="rOCCI-server volume 8GB";occi.core.target="/storage/vol-0b15340c";occi.core.source="/compute/i-5a8cb7bf";occi.storagelink.deviceid="/dev/xvda";occi.storagelink.state="active"
Link: </network/vpc-7d884a18>;rel="http://schemas.ogf.org/occi/infrastructure#network";self="/link/networkinterface/compute_i-5a8cb7bf_nic_eni-7827331d";category="http://schemas.ogf.org/occi/infrastructure#networkinterface http://schemas.ogf.org/occi/infrastructure/networkinterface#ipnetworkinterface";occi.core.id="compute_i-5a8cb7bf_nic_eni-7827331d";occi.core.title="rOCCI-server VPC 172.30.0.0/16";occi.core.target="/network/vpc-7d884a18";occi.core.source="/compute/i-5a8cb7bf";occi.networkinterface.state="active";occi.networkinterface.address="54.77.254.66"